###############################################################################
#                                                                             #
# IAR ELF Linker V6.70.1.5641/W32 for ARM               14/Jul/2014  13:32:08 #
# Copyright 2007-2013 IAR Systems AB.                                         #
#                                                                             #
#    Output file  =  G:\Writer\ICPARTNOR\Designed\ST32_USB\IAR67\Project\IAP\ #
#                    EWARM\STM3210E-EVAL\Exe\VirtualCOMPort.out               #
#    Map file     =  G:\Writer\ICPARTNOR\Designed\ST32_USB\IAR67\Project\IAP\ #
#                    EWARM\STM3210E-EVAL\List\VirtualCOMPort.map              #
#    Command line =  G:\Writer\ICPARTNOR\Designed\ST32_USB\IAR67\Project\IAP\ #
#                    EWARM\STM3210E-EVAL\Obj\core_cm3.o                       #
#                    G:\Writer\ICPARTNOR\Designed\ST32_USB\IAR67\Project\IAP\ #
#                    EWARM\STM3210E-EVAL\Obj\global.o                         #
#                    G:\Writer\ICPARTNOR\Designed\ST32_USB\IAR67\Project\IAP\ #
#                    EWARM\STM3210E-EVAL\Obj\hw_config.o                      #
#                    G:\Writer\ICPARTNOR\Designed\ST32_USB\IAR67\Project\IAP\ #
#                    EWARM\STM3210E-EVAL\Obj\IAP.o                            #
#                    G:\Writer\ICPARTNOR\Designed\ST32_USB\IAR67\Project\IAP\ #
#                    EWARM\STM3210E-EVAL\Obj\main.o                           #
#                    G:\Writer\ICPARTNOR\Designed\ST32_USB\IAR67\Project\IAP\ #
#                    EWARM\STM3210E-EVAL\Obj\misc.o                           #
#                    G:\Writer\ICPARTNOR\Designed\ST32_USB\IAR67\Project\IAP\ #
#                    EWARM\STM3210E-EVAL\Obj\otgd_fs_cal.o                    #
#                    G:\Writer\ICPARTNOR\Designed\ST32_USB\IAR67\Project\IAP\ #
#                    EWARM\STM3210E-EVAL\Obj\otgd_fs_dev.o                    #
#                    G:\Writer\ICPARTNOR\Designed\ST32_USB\IAR67\Project\IAP\ #
#                    EWARM\STM3210E-EVAL\Obj\otgd_fs_int.o                    #
#                    G:\Writer\ICPARTNOR\Designed\ST32_USB\IAR67\Project\IAP\ #
#                    EWARM\STM3210E-EVAL\Obj\otgd_fs_pcd.o                    #
#                    G:\Writer\ICPARTNOR\Designed\ST32_USB\IAR67\Project\IAP\ #
#                    EWARM\STM3210E-EVAL\Obj\power.o                          #
#                    G:\Writer\ICPARTNOR\Designed\ST32_USB\IAR67\Project\IAP\ #
#                    EWARM\STM3210E-EVAL\Obj\startup_stm32f10x_hd.o           #
#                    G:\Writer\ICPARTNOR\Designed\ST32_USB\IAR67\Project\IAP\ #
#                    EWARM\STM3210E-EVAL\Obj\stm32_eval.o                     #
#                    G:\Writer\ICPARTNOR\Designed\ST32_USB\IAR67\Project\IAP\ #
#                    EWARM\STM3210E-EVAL\Obj\stm32f10x_adc.o                  #
#                    G:\Writer\ICPARTNOR\Designed\ST32_USB\IAR67\Project\IAP\ #
#                    EWARM\STM3210E-EVAL\Obj\stm32f10x_bkp.o                  #
#                    G:\Writer\ICPARTNOR\Designed\ST32_USB\IAR67\Project\IAP\ #
#                    EWARM\STM3210E-EVAL\Obj\stm32f10x_dma.o                  #
#                    G:\Writer\ICPARTNOR\Designed\ST32_USB\IAR67\Project\IAP\ #
#                    EWARM\STM3210E-EVAL\Obj\stm32f10x_exti.o                 #
#                    G:\Writer\ICPARTNOR\Designed\ST32_USB\IAR67\Project\IAP\ #
#                    EWARM\STM3210E-EVAL\Obj\stm32f10x_flash.o                #
#                    G:\Writer\ICPARTNOR\Designed\ST32_USB\IAR67\Project\IAP\ #
#                    EWARM\STM3210E-EVAL\Obj\stm32f10x_gpio.o                 #
#                    G:\Writer\ICPARTNOR\Designed\ST32_USB\IAR67\Project\IAP\ #
#                    EWARM\STM3210E-EVAL\Obj\stm32f10x_i2c.o                  #
#                    G:\Writer\ICPARTNOR\Designed\ST32_USB\IAR67\Project\IAP\ #
#                    EWARM\STM3210E-EVAL\Obj\stm32f10x_it.o                   #
#                    G:\Writer\ICPARTNOR\Designed\ST32_USB\IAR67\Project\IAP\ #
#                    EWARM\STM3210E-EVAL\Obj\stm32f10x_pwr.o                  #
#                    G:\Writer\ICPARTNOR\Designed\ST32_USB\IAR67\Project\IAP\ #
#                    EWARM\STM3210E-EVAL\Obj\stm32f10x_rcc.o                  #
#                    G:\Writer\ICPARTNOR\Designed\ST32_USB\IAR67\Project\IAP\ #
#                    EWARM\STM3210E-EVAL\Obj\stm32f10x_spi.o                  #
#                    G:\Writer\ICPARTNOR\Designed\ST32_USB\IAR67\Project\IAP\ #
#                    EWARM\STM3210E-EVAL\Obj\stm32f10x_tim.o                  #
#                    G:\Writer\ICPARTNOR\Designed\ST32_USB\IAR67\Project\IAP\ #
#                    EWARM\STM3210E-EVAL\Obj\stm32f10x_usart.o                #
#                    G:\Writer\ICPARTNOR\Designed\ST32_USB\IAR67\Project\IAP\ #
#                    EWARM\STM3210E-EVAL\Obj\stm32f10x_wwdg.o                 #
#                    G:\Writer\ICPARTNOR\Designed\ST32_USB\IAR67\Project\IAP\ #
#                    EWARM\STM3210E-EVAL\Obj\system_stm32f10x.o               #
#                    G:\Writer\ICPARTNOR\Designed\ST32_USB\IAR67\Project\IAP\ #
#                    EWARM\STM3210E-EVAL\Obj\usb_core.o                       #
#                    G:\Writer\ICPARTNOR\Designed\ST32_USB\IAR67\Project\IAP\ #
#                    EWARM\STM3210E-EVAL\Obj\usb_desc.o                       #
#                    G:\Writer\ICPARTNOR\Designed\ST32_USB\IAR67\Project\IAP\ #
#                    EWARM\STM3210E-EVAL\Obj\usb_endp.o                       #
#                    G:\Writer\ICPARTNOR\Designed\ST32_USB\IAR67\Project\IAP\ #
#                    EWARM\STM3210E-EVAL\Obj\usb_init.o                       #
#                    G:\Writer\ICPARTNOR\Designed\ST32_USB\IAR67\Project\IAP\ #
#                    EWARM\STM3210E-EVAL\Obj\usb_int.o                        #
#                    G:\Writer\ICPARTNOR\Designed\ST32_USB\IAR67\Project\IAP\ #
#                    EWARM\STM3210E-EVAL\Obj\usb_istr.o                       #
#                    G:\Writer\ICPARTNOR\Designed\ST32_USB\IAR67\Project\IAP\ #
#                    EWARM\STM3210E-EVAL\Obj\usb_mem.o                        #
#                    G:\Writer\ICPARTNOR\Designed\ST32_USB\IAR67\Project\IAP\ #
#                    EWARM\STM3210E-EVAL\Obj\usb_prop.o                       #
#                    G:\Writer\ICPARTNOR\Designed\ST32_USB\IAR67\Project\IAP\ #
#                    EWARM\STM3210E-EVAL\Obj\usb_pwr.o                        #
#                    G:\Writer\ICPARTNOR\Designed\ST32_USB\IAR67\Project\IAP\ #
#                    EWARM\STM3210E-EVAL\Obj\usb_regs.o                       #
#                    G:\Writer\ICPARTNOR\Designed\ST32_USB\IAR67\Project\IAP\ #
#                    EWARM\STM3210E-EVAL\Obj\USB_Rx_Tx.o                      #
#                    G:\Writer\ICPARTNOR\Designed\ST32_USB\IAR67\Project\IAP\ #
#                    EWARM\STM3210E-EVAL\Obj\usb_sil.o --redirect             #
#                    _Printf=_PrintfFull --redirect _Scanf=_ScanfFull -o      #
#                    G:\Writer\ICPARTNOR\Designed\ST32_USB\IAR67\Project\IAP\ #
#                    EWARM\STM3210E-EVAL\Exe\VirtualCOMPort.out --map         #
#                    G:\Writer\ICPARTNOR\Designed\ST32_USB\IAR67\Project\IAP\ #
#                    EWARM\STM3210E-EVAL\List\VirtualCOMPort.map --config     #
#                    G:\Writer\ICPARTNOR\Designed\ST32_USB\IAR67\Project\IAP\ #
#                    EWARM\stm32f10x_flash.icf --semihosting --entry          #
#                    __iar_program_start --vfe                                #
#                                                                             #
#                                                                             #
###############################################################################

*******************************************************************************
*** RUNTIME MODEL ATTRIBUTES
***

CppFlavor       = *
__SystemLibrary = DLib


*******************************************************************************
*** PLACEMENT SUMMARY
***

"A1":  place at 0x08000000 { ro section .intvec };
"P1":  place in [from 0x08000000 to 0x080fffff] { ro };
"P2":  place in [from 0x20000000 to 0x20017fff] { rw, block CSTACK, block HEAP };

  Section            Kind        Address    Size  Object
  -------            ----        -------    ----  ------
"A1":                                      0x130
  .intvec            ro code  0x08000000   0x130  startup_stm32f10x_hd.o [1]
                            - 0x08000130   0x130

"P1":                                     0x29f8
  .text              ro code  0x08000130   0xcae  usb_core.o [1]
  .text              ro code  0x08000dde    0x2e  copy_init3.o [4]
  .text              ro code  0x08000e0c   0x2ce  usb_regs.o [1]
  .text              ro code  0x080010da    0x6e  usb_mem.o [1]
  .text              ro code  0x08001148   0x3de  stm32f10x_flash.o [1]
  .text              ro code  0x08001526    0x22  zero_init3.o [4]
  .text              ro code  0x08001548   0x2c0  USB_Rx_Tx.o [1]
  .text              ro code  0x08001808   0x184  IAP.o [1]
  .text              ro code  0x0800198c    0x50  stm32f10x_rcc.o [1]
  .text              ro code  0x080019dc    0x10  stm32f10x_wwdg.o [1]
  .text              ro code  0x080019ec   0x274  usb_prop.o [1]
  .text              ro code  0x08001c60    0x48  usb_pwr.o [1]
  .text              ro code  0x08001ca8    0x54  usb_sil.o [1]
  .text              ro code  0x08001cfc   0x180  hw_config.o [1]
  .text              ro code  0x08001e7c   0x15c  stm32f10x_gpio.o [1]
  .text              ro code  0x08001fd8    0x88  misc.o [1]
  .text              ro code  0x08002060   0x250  usb_int.o [1]
  .text              ro code  0x080022b0   0x158  system_stm32f10x.o [1]
  .text              ro code  0x08002408    0xf8  main.o [1]
  .text              ro code  0x08002500    0xda  global.o [1]
  .text              ro code  0x080025dc    0xcc  power.o [1]
  .text              ro code  0x080026a8    0x40  usb_init.o [1]
  .rodata            const    0x080026e8    0xb8  usb_desc.o [1]
  .text              ro code  0x080027a0    0x74  usb_istr.o [1]
  .text              ro code  0x08002814    0x48  usb_endp.o [1]
  .text              ro code  0x0800285c    0x28  data_init.o [4]
  .iar.init_table    const    0x08002884    0x24  - Linker created -
  .text              ro code  0x080028a8    0x1a  stm32f10x_it.o [1]
  .text              ro code  0x080028c4    0x1a  cmain.o [4]
  .text              ro code  0x080028de     0x4  low_level_init.o [3]
  .text              ro code  0x080028e2     0x4  exit.o [3]
  .text              ro code  0x080028e8     0xa  cexit.o [4]
  .text              ro code  0x080028f4    0x14  exit.o [5]
  .text              ro code  0x08002908    0x10  startup_stm32f10x_hd.o [1]
  .text              ro code  0x08002918     0xc  cstartup_M.o [4]
  .text              ro code  0x08002924     0x4  startup_stm32f10x_hd.o [1]
  .text              ro code  0x08002928     0x4  startup_stm32f10x_hd.o [1]
  .text              ro code  0x0800292c     0x4  startup_stm32f10x_hd.o [1]
  .text              ro code  0x08002930     0x4  startup_stm32f10x_hd.o [1]
  .text              ro code  0x08002934     0x4  startup_stm32f10x_hd.o [1]
  .text              ro code  0x08002938     0x4  startup_stm32f10x_hd.o [1]
  .text              ro code  0x0800293c     0x4  startup_stm32f10x_hd.o [1]
  .text              ro code  0x08002940     0x4  startup_stm32f10x_hd.o [1]
  .text              ro code  0x08002944     0x4  startup_stm32f10x_hd.o [1]
  .text              ro code  0x08002948     0x4  startup_stm32f10x_hd.o [1]
  .text              ro code  0x0800294c     0x4  startup_stm32f10x_hd.o [1]
  .text              ro code  0x08002950     0x4  startup_stm32f10x_hd.o [1]
  .text              ro code  0x08002954     0x4  startup_stm32f10x_hd.o [1]
  .text              ro code  0x08002958     0x4  startup_stm32f10x_hd.o [1]
  .text              ro code  0x0800295c     0x4  startup_stm32f10x_hd.o [1]
  .text              ro code  0x08002960     0x4  startup_stm32f10x_hd.o [1]
  .text              ro code  0x08002964     0x4  startup_stm32f10x_hd.o [1]
  .text              ro code  0x08002968     0x4  startup_stm32f10x_hd.o [1]
  .text              ro code  0x0800296c     0x4  startup_stm32f10x_hd.o [1]
  .text              ro code  0x08002970     0x4  startup_stm32f10x_hd.o [1]
  .text              ro code  0x08002974     0x4  startup_stm32f10x_hd.o [1]
  .text              ro code  0x08002978     0x4  startup_stm32f10x_hd.o [1]
  .text              ro code  0x0800297c     0x4  startup_stm32f10x_hd.o [1]
  .text              ro code  0x08002980     0x4  startup_stm32f10x_hd.o [1]
  .text              ro code  0x08002984     0x4  startup_stm32f10x_hd.o [1]
  .text              ro code  0x08002988     0x4  startup_stm32f10x_hd.o [1]
  .text              ro code  0x0800298c     0x4  startup_stm32f10x_hd.o [1]
  .text              ro code  0x08002990     0x4  startup_stm32f10x_hd.o [1]
  .text              ro code  0x08002994     0x4  startup_stm32f10x_hd.o [1]
  .text              ro code  0x08002998     0x4  startup_stm32f10x_hd.o [1]
  .text              ro code  0x0800299c     0x4  startup_stm32f10x_hd.o [1]
  .text              ro code  0x080029a0     0x4  startup_stm32f10x_hd.o [1]
  .text              ro code  0x080029a4     0x4  startup_stm32f10x_hd.o [1]
  .text              ro code  0x080029a8     0x4  startup_stm32f10x_hd.o [1]
  .text              ro code  0x080029ac     0x4  startup_stm32f10x_hd.o [1]
  .text              ro code  0x080029b0     0x4  startup_stm32f10x_hd.o [1]
  .text              ro code  0x080029b4     0x4  startup_stm32f10x_hd.o [1]
  .text              ro code  0x080029b8     0x4  startup_stm32f10x_hd.o [1]
  .text              ro code  0x080029bc     0x4  startup_stm32f10x_hd.o [1]
  .text              ro code  0x080029c0     0x4  startup_stm32f10x_hd.o [1]
  .text              ro code  0x080029c4     0x4  startup_stm32f10x_hd.o [1]
  .text              ro code  0x080029c8     0x4  startup_stm32f10x_hd.o [1]
  .text              ro code  0x080029cc     0x4  startup_stm32f10x_hd.o [1]
  .text              ro code  0x080029d0     0x4  startup_stm32f10x_hd.o [1]
  .text              ro code  0x080029d4     0x4  startup_stm32f10x_hd.o [1]
  .text              ro code  0x080029d8     0x4  startup_stm32f10x_hd.o [1]
  .text              ro code  0x080029dc     0x4  startup_stm32f10x_hd.o [1]
  .text              ro code  0x080029e0     0x4  startup_stm32f10x_hd.o [1]
  .text              ro code  0x080029e4     0x4  startup_stm32f10x_hd.o [1]
  .text              ro code  0x080029e8     0x4  startup_stm32f10x_hd.o [1]
  .text              ro code  0x080029ec     0x4  startup_stm32f10x_hd.o [1]
  .text              ro code  0x080029f0     0x4  startup_stm32f10x_hd.o [1]
  .text              ro code  0x080029f4     0x4  startup_stm32f10x_hd.o [1]
  .text              ro code  0x080029f8     0x4  startup_stm32f10x_hd.o [1]
  .text              ro code  0x080029fc     0x4  startup_stm32f10x_hd.o [1]
  .text              ro code  0x08002a00     0x4  startup_stm32f10x_hd.o [1]
  .text              ro code  0x08002a04     0x4  startup_stm32f10x_hd.o [1]
  .text              ro code  0x08002a08     0x4  startup_stm32f10x_hd.o [1]
  .text              ro code  0x08002a0c     0x4  startup_stm32f10x_hd.o [1]
  .text              ro code  0x08002a10     0x4  startup_stm32f10x_hd.o [1]
  .text              ro code  0x08002a14     0x4  startup_stm32f10x_hd.o [1]
  .text              ro code  0x08002a18     0x4  startup_stm32f10x_hd.o [1]
  .text              ro code  0x08002a1c     0x4  startup_stm32f10x_hd.o [1]
  .text              ro code  0x08002a20     0x4  startup_stm32f10x_hd.o [1]
  .text              ro code  0x08002a24     0x4  startup_stm32f10x_hd.o [1]
  .text              ro code  0x08002a28     0x4  startup_stm32f10x_hd.o [1]
  .text              ro code  0x08002a2c     0x4  startup_stm32f10x_hd.o [1]
  .text              ro code  0x08002a30     0x4  startup_stm32f10x_hd.o [1]
  .text              ro code  0x08002a34     0x4  startup_stm32f10x_hd.o [1]
  .rodata            const    0x08002a38     0x0  zero_init3.o [4]
  .rodata            const    0x08002a38     0x0  copy_init3.o [4]
  Initializer bytes  ro data  0x08002a38    0xf0  <for P2 s0>
                            - 0x08002b28  0x29f8

"P2", part 1 of 3:                          0xf0
  P2 s0                       0x20000000    0xf0  <Init block>
    .data            inited   0x20000000    0x30  usb_prop.o [1]
    .data            inited   0x20000030    0x24  usb_prop.o [1]
    .data            inited   0x20000054    0x20  usb_prop.o [1]
    .data            inited   0x20000074    0x1c  usb_desc.o [1]
    .data            inited   0x20000090    0x1c  usb_istr.o [1]
    .data            inited   0x200000ac    0x1c  usb_istr.o [1]
    .data            inited   0x200000c8     0x8  usb_prop.o [1]
    .data            inited   0x200000d0     0x8  usb_prop.o [1]
    .data            inited   0x200000d8     0x8  usb_prop.o [1]
    .data            inited   0x200000e0     0x4  global.o [1]
    .data            inited   0x200000e4     0x4  global.o [1]
    .data            inited   0x200000e8     0x4  usb_prop.o [1]
    .data            inited   0x200000ec     0x1  global.o [1]
    .data            inited   0x200000ed     0x1  global.o [1]
                            - 0x200000f0    0xf0

"P2", part 2 of 3:                         0x8a8
  .bss               zero     0x200000f0   0x800  hw_config.o [1]
  .bss               zero     0x200008f0    0x40  global.o [1]
  .bss               zero     0x20000930    0x1c  usb_init.o [1]
  .bss               zero     0x2000094c     0x4  global.o [1]
  .bss               zero     0x20000950     0x4  global.o [1]
  .bss               zero     0x20000954     0x4  hw_config.o [1]
  .bss               zero     0x20000958     0x4  hw_config.o [1]
  .bss               zero     0x2000095c     0x4  hw_config.o [1]
  .bss               zero     0x20000960     0x4  IAP.o [1]
  .bss               zero     0x20000964     0x4  IAP.o [1]
  .bss               zero     0x20000968     0x4  IAP.o [1]
  .bss               zero     0x2000096c     0x4  IAP.o [1]
  .bss               zero     0x20000970     0x4  usb_core.o [1]
  .bss               zero     0x20000974     0x4  usb_endp.o [1]
  .bss               zero     0x20000978     0x4  usb_init.o [1]
  .bss               zero     0x2000097c     0x4  usb_init.o [1]
  .bss               zero     0x20000980     0x4  usb_init.o [1]
  .bss               zero     0x20000984     0x4  usb_pwr.o [1]
  .bss               zero     0x20000988     0x2  usb_init.o [1]
  .bss               zero     0x2000098a     0x2  usb_int.o [1]
  .bss               zero     0x2000098c     0x2  usb_int.o [1]
  .bss               zero     0x2000098e     0x2  usb_istr.o [1]
  .bss               zero     0x20000990     0x1  global.o [1]
  .bss               zero     0x20000991     0x1  global.o [1]
  .bss               zero     0x20000992     0x1  hw_config.o [1]
  .bss               zero     0x20000993     0x1  IAP.o [1]
  .bss               zero     0x20000994     0x1  usb_core.o [1]
  .bss               zero     0x20000995     0x1  usb_init.o [1]
  .bss               zero     0x20000996     0x1  usb_istr.o [1]
  .bss               zero     0x20000997     0x1  usb_prop.o [1]
                            - 0x20000998   0x8a8

"P2", part 3 of 3:                         0x400
  CSTACK                      0x20000998   0x400  <Block>
    CSTACK           uninit   0x20000998   0x400  <Block tail>
                            - 0x20000d98   0x400


*******************************************************************************
*** INIT TABLE
***

          Address     Size
          -------     ----
Zero (__iar_zero_init3)
    1 destination range, total size 0x8a8:
          0x200000f0  0x8a8

Copy (__iar_copy_init3)
    1 source range, total size 0xf0 (100% of destination):
          0x08002a38   0xf0
    1 destination range, total size 0xee:
          0x20000000   0xee



*******************************************************************************
*** MODULE SUMMARY
***

    Module                  ro code  ro data  rw data
    ------                  -------  -------  -------
G:\Writer\ICPARTNOR\Designed\ST32_USB\IAR67\Project\IAP\EWARM\STM3210E-EVAL\Obj: [1]
    IAP.o                       388                17
    USB_Rx_Tx.o                 704
    global.o                    218       10       84
    hw_config.o                 384             2 061
    main.o                      248
    misc.o                      136
    power.o                     204
    startup_stm32f10x_hd.o      596
    stm32f10x_flash.o           990
    stm32f10x_gpio.o            348
    stm32f10x_it.o               26
    stm32f10x_rcc.o              80
    stm32f10x_wwdg.o             16
    system_stm32f10x.o          344
    usb_core.o                3 246                 5
    usb_desc.o                           212       28
    usb_endp.o                   72                 4
    usb_init.o                   64                43
    usb_int.o                   592                 4
    usb_istr.o                  116       56       59
    usb_mem.o                   110
    usb_prop.o                  628      144      145
    usb_pwr.o                    72                 4
    usb_regs.o                  718
    usb_sil.o                    84
    -------------------------------------------------
    Total:                   10 384      422    2 454

command line: [2]
    -------------------------------------------------
    Total:

dl7M_tln.a: [3]
    exit.o                        4
    low_level_init.o              4
    -------------------------------------------------
    Total:                        8

rt7M_tl.a: [4]
    cexit.o                      10
    cmain.o                      26
    copy_init3.o                 46
    cstartup_M.o                 12
    data_init.o                  40
    zero_init3.o                 34
    -------------------------------------------------
    Total:                      168

shb_l.a: [5]
    exit.o                       20
    -------------------------------------------------
    Total:                       20

    Gaps                          8
    Linker created                        38    1 024
-----------------------------------------------------
    Grand Total:             10 588      460    3 478


*******************************************************************************
*** ENTRY LIST
***

Entry                      Address   Size  Type      Object
-----                      -------   ----  ----      ------
?main                   0x080028c5         Code  Gb  cmain.o [4]
BlockNbr                0x20000968    0x4  Data  Gb  IAP.o [1]
BusFault_Handler        0x080028af    0x2  Code  Gb  stm32f10x_it.o [1]
ByteSwap                0x080010c5   0x16  Code  Gb  usb_regs.o [1]
CSTACK$$Base            0x20000998          --   Gb  - Linker created -
CSTACK$$Limit           0x20000d98          --   Gb  - Linker created -
CTR_LP                  0x08002061  0x22e  Code  Gb  usb_int.o [1]
ClearDTOG_RX            0x08000f49   0x32  Code  Gb  usb_regs.o [1]
ClearDTOG_TX            0x08000f7b   0x32  Code  Gb  usb_regs.o [1]
Clear_Status_Out        0x08000f23   0x26  Code  Gb  usb_regs.o [1]
Config_Descriptor       0x200000d8    0x8  Data  Gb  usb_prop.o [1]
DataStageIn             0x080006bb   0xca  Code  Lc  usb_core.o [1]
DataStageOut            0x080005fb   0xc0  Code  Lc  usb_core.o [1]
Data_Mul_MaxPacketSize  0x20000994    0x1  Data  Gb  usb_core.o [1]
Data_Setup0             0x080008e9  0x2d6  Code  Lc  usb_core.o [1]
DebugMon_Handler        0x080028b5    0x2  Code  Gb  stm32f10x_it.o [1]
Delay_1ms               0x080025b9   0x22  Code  Gb  global.o [1]
Device_Descriptor       0x200000d0    0x8  Data  Gb  usb_prop.o [1]
Device_Info             0x20000930   0x1c  Data  Gb  usb_init.o [1]
Device_Property         0x20000000   0x30  Data  Gb  usb_prop.o [1]
Device_Table            0x200000e8    0x4  Data  Gb  usb_prop.o [1]
EP1_IN_Callback         0x08002815    0x2  Code  Gb  usb_endp.o [1]
EP3_OUT_Callback        0x08002817   0x12  Code  Gb  usb_endp.o [1]
EPindex                 0x20000995    0x1  Data  Gb  usb_init.o [1]
EraseCounter            0x2000094c    0x4  Data  Gb  global.o [1]
FLASHStatus             0x200000ed    0x1  Data  Gb  global.o [1]
FLASH_DisableWriteProtectionPages
                        0x0800188f   0xbe  Code  Gb  IAP.o [1]
FLASH_EnableWriteProtection
                        0x0800130d   0xf2  Code  Gb  stm32f10x_flash.o [1]
FLASH_EraseOptionBytes  0x080011bd   0xd0  Code  Gb  stm32f10x_flash.o [1]
FLASH_ErasePage         0x0800115f   0x5e  Code  Gb  stm32f10x_flash.o [1]
FLASH_GetBank1Status    0x08001487   0x34  Code  Gb  stm32f10x_flash.o [1]
FLASH_GetReadOutProtectionStatus
                        0x0800146f   0x18  Code  Gb  stm32f10x_flash.o [1]
FLASH_GetUserOptionByte
                        0x08001461    0x8  Code  Gb  stm32f10x_flash.o [1]
FLASH_GetWriteProtectionOptionByte
                        0x08001469    0x6  Code  Gb  stm32f10x_flash.o [1]
FLASH_PagesMask         0x08001965   0x28  Code  Gb  IAP.o [1]
FLASH_ProgramWord       0x0800128d   0x80  Code  Gb  stm32f10x_flash.o [1]
FLASH_Unlock            0x08001149   0x16  Code  Gb  stm32f10x_flash.o [1]
FLASH_UserOptionByteConfig
                        0x080013ff   0x62  Code  Gb  stm32f10x_flash.o [1]
FLASH_WaitForLastOperation
                        0x080014f9   0x2e  Code  Gb  stm32f10x_flash.o [1]
FlashDestination        0x200000e0    0x4  Data  Gb  global.o [1]
FlashProtection         0x20000993    0x1  Data  Gb  IAP.o [1]
GPIO_Configuration      0x08002531   0x7a  Code  Gb  global.o [1]
GPIO_Init               0x08001e7d  0x136  Code  Gb  stm32f10x_gpio.o [1]
GPIO_ReadInputDataBit   0x08001fb3   0x1a  Code  Gb  stm32f10x_gpio.o [1]
GPIO_ResetBits          0x08001fd3    0x6  Code  Gb  stm32f10x_gpio.o [1]
GPIO_SetBits            0x08001fcd    0x6  Code  Gb  stm32f10x_gpio.o [1]
GetEPRxAddr             0x0800100f   0x1a  Code  Gb  usb_regs.o [1]
GetEPRxCount            0x08001093   0x18  Code  Gb  usb_regs.o [1]
GetEPTxAddr             0x08000ff5   0x1a  Code  Gb  usb_regs.o [1]
GetEPTxStatus           0x08000eb3   0x10  Code  Gb  usb_regs.o [1]
Handle_USBAsynchXfer    0x08001d9d   0xc6  Code  Gb  hw_config.o [1]
HardFault_Handler       0x080028ab    0x2  Code  Gb  stm32f10x_it.o [1]
IAP_funtion             0x08001809   0x86  Code  Gb  IAP.o [1]
In0_Process             0x08000c55   0x68  Code  Gb  usb_core.o [1]
JumpAddress             0x20000964    0x4  Data  Gb  IAP.o [1]
Jump_To_Application     0x20000960    0x4  Data  Gb  IAP.o [1]
MemManage_Handler       0x080028ad    0x2  Code  Gb  stm32f10x_it.o [1]
NMI_Handler             0x080028a9    0x2  Code  Gb  stm32f10x_it.o [1]
NOP_Process             0x08000ddd    0x2  Code  Gb  usb_core.o [1]
NVIC_Init               0x08001fe3   0x68  Code  Gb  misc.o [1]
NVIC_PriorityGroupConfig
                        0x08001fd9    0xa  Code  Gb  misc.o [1]
NbrOfPage               0x20000950    0x4  Data  Gb  global.o [1]
NoData_Setup0           0x08000785  0x164  Code  Lc  usb_core.o [1]
Out0_Process            0x08000cbd   0x4e  Code  Gb  usb_core.o [1]
PMAToUserBufferCopy     0x0800111b   0x2e  Code  Gb  usb_mem.o [1]
POWER_OFF               0x08002663   0x3a  Code  Gb  power.o [1]
PageSize                0x200000e4    0x4  Data  Gb  global.o [1]
PendSV_Handler          0x080028b7    0x2  Code  Gb  stm32f10x_it.o [1]
Post0_Process           0x08000d19   0x3c  Code  Gb  usb_core.o [1]
PowerInitial            0x080025dd   0x86  Code  Gb  power.o [1]
PowerOn                 0x08001c61   0x3a  Code  Gb  usb_pwr.o [1]
RCC_APB1PeriphClockCmd  0x080019b1   0x1e  Code  Gb  stm32f10x_rcc.o [1]
RCC_APB2PeriphClockCmd  0x08001993   0x1e  Code  Gb  stm32f10x_rcc.o [1]
RCC_Configuration       0x08002501   0x30  Code  Gb  global.o [1]
RCC_USBCLKConfig        0x0800198d    0x6  Code  Gb  stm32f10x_rcc.o [1]
Region$$Table$$Base     0x08002884          --   Gb  - Linker created -
Region$$Table$$Limit    0x080028a8          --   Gb  - Linker created -
Request                 0x20000997    0x1  Data  Gb  usb_prop.o [1]
SOF_Callback            0x08002829   0x24  Code  Gb  usb_endp.o [1]
SVC_Handler             0x080028b3    0x2  Code  Gb  stm32f10x_it.o [1]
SaveRState              0x2000098a    0x2  Data  Gb  usb_int.o [1]
SaveTState              0x2000098c    0x2  Data  Gb  usb_int.o [1]
SetBTABLE               0x08000e0d    0xe  Code  Gb  usb_regs.o [1]
SetDeviceAddress        0x08000d55   0x48  Code  Gb  usb_core.o [1]
SetEPRxAddr             0x08000fd1   0x24  Code  Gb  usb_regs.o [1]
SetEPRxCount            0x08001043   0x50  Code  Gb  usb_regs.o [1]
SetEPRxStatus           0x08000e77   0x3c  Code  Gb  usb_regs.o [1]
SetEPRxValid            0x08000ef3   0x30  Code  Gb  usb_regs.o [1]
SetEPTxAddr             0x08000fad   0x24  Code  Gb  usb_regs.o [1]
SetEPTxCount            0x08001029   0x1a  Code  Gb  usb_regs.o [1]
SetEPTxStatus           0x08000e3b   0x3c  Code  Gb  usb_regs.o [1]
SetEPTxValid            0x08000ec3   0x30  Code  Gb  usb_regs.o [1]
SetEPType               0x08000e1b   0x20  Code  Gb  usb_regs.o [1]
SetSysClock             0x08002305    0x8  Code  Lc  system_stm32f10x.o [1]
SetSysClockTo72         0x0800230d   0xe0  Code  Lc  system_stm32f10x.o [1]
Set_System              0x08001cfd   0x28  Code  Gb  hw_config.o [1]
Set_USBClock            0x08001d25   0x14  Code  Gb  hw_config.o [1]
Setup0_Process          0x08000bbf   0x96  Code  Gb  usb_core.o [1]
Standard_ClearFeature   0x08000375  0x16e  Code  Gb  usb_core.o [1]
Standard_GetConfiguration
                        0x08000131   0x2c  Code  Gb  usb_core.o [1]
Standard_GetDescriptorData
                        0x080005cf   0x2c  Code  Gb  usb_core.o [1]
Standard_GetInterface   0x080001ab   0x2c  Code  Gb  usb_core.o [1]
Standard_GetStatus      0x0800025b  0x11a  Code  Gb  usb_core.o [1]
Standard_SetConfiguration
                        0x0800015d   0x4e  Code  Gb  usb_core.o [1]
Standard_SetDeviceFeature
                        0x080005ab   0x24  Code  Gb  usb_core.o [1]
Standard_SetEndPointFeature
                        0x080004e3   0xc8  Code  Gb  usb_core.o [1]
Standard_SetInterface   0x080001d7   0x84  Code  Gb  usb_core.o [1]
StateFlag               0x200000ec    0x1  Data  Gb  global.o [1]
StatusInfo              0x20000970    0x4  Data  Gb  usb_core.o [1]
String_Descriptor       0x20000054   0x20  Data  Gb  usb_prop.o [1]
SysTick_Handler         0x080028b9    0x2  Code  Gb  stm32f10x_it.o [1]
SystemInit              0x080022b1   0x54  Code  Gb  system_stm32f10x.o [1]
USART_Config            0x08001d99    0x4  Code  Gb  hw_config.o [1]
USART_Config_Default    0x08001d97    0x2  Code  Gb  hw_config.o [1]
USART_Rx_Buffer         0x200000f0  0x800  Data  Gb  hw_config.o [1]
USART_Rx_length         0x2000095c    0x4  Data  Gb  hw_config.o [1]
USART_Rx_ptr_in         0x20000954    0x4  Data  Gb  hw_config.o [1]
USART_Rx_ptr_out        0x20000958    0x4  Data  Gb  hw_config.o [1]
USB_Buffer              0x200008f0   0x40  Data  Gb  global.o [1]
USB_Cable_Config        0x08001d75   0x22  Code  Gb  hw_config.o [1]
USB_Init                0x080026a9   0x40  Code  Gb  usb_init.o [1]
USB_Interrupts_Config   0x08001d39   0x3c  Code  Gb  hw_config.o [1]
USB_Istr                0x080027a1   0x74  Code  Gb  usb_istr.o [1]
USB_LP_CAN1_RX0_IRQHandler
                        0x080028bb    0x8  Code  Gb  stm32f10x_it.o [1]
USB_RxCommand           0x20000990    0x1  Data  Gb  global.o [1]
USB_Rx_Flag             0x20000991    0x1  Data  Gb  global.o [1]
USB_Rx_Tx               0x08001549  0x22e  Code  Gb  USB_Rx_Tx.o [1]
USB_SIL_Init            0x08001ca9   0x1a  Code  Gb  usb_sil.o [1]
USB_SIL_Read            0x08001cd1   0x2c  Code  Gb  usb_sil.o [1]
USB_SendData            0x08001777   0x68  Code  Gb  USB_Rx_Tx.o [1]
USB_Tx_State            0x20000992    0x1  Data  Gb  hw_config.o [1]
UsageFault_Handler      0x080028b1    0x2  Code  Gb  stm32f10x_it.o [1]
UserMemoryMask          0x2000096c    0x4  Data  Gb  IAP.o [1]
UserToPMABufferCopy     0x080010db   0x40  Code  Gb  usb_mem.o [1]
User_Standard_Requests  0x20000030   0x24  Data  Gb  usb_prop.o [1]
Virtual_Com_Port_ConfigDescriptor
                        0x080026fc   0x44  Data  Gb  usb_desc.o [1]
Virtual_Com_Port_Data_Setup
                        0x08001b17   0x60  Code  Gb  usb_prop.o [1]
Virtual_Com_Port_DeviceDescriptor
                        0x080026e8   0x14  Data  Gb  usb_desc.o [1]
Virtual_Com_Port_GetConfigDescriptor
                        0x08001baf   0x10  Code  Gb  usb_prop.o [1]
Virtual_Com_Port_GetDeviceDescriptor
                        0x08001b9f   0x10  Code  Gb  usb_prop.o [1]
Virtual_Com_Port_GetLineCoding
                        0x08001bff   0x18  Code  Gb  usb_prop.o [1]
Virtual_Com_Port_GetStringDescriptor
                        0x08001bbf   0x26  Code  Gb  usb_prop.o [1]
Virtual_Com_Port_Get_Interface_Setting
                        0x08001be5   0x1a  Code  Gb  usb_prop.o [1]
Virtual_Com_Port_NoData_Setup
                        0x08001b77   0x28  Code  Gb  usb_prop.o [1]
Virtual_Com_Port_Reset  0x08001a0b   0xdc  Code  Gb  usb_prop.o [1]
Virtual_Com_Port_SetConfiguration
                        0x08001ae7   0x10  Code  Gb  usb_prop.o [1]
Virtual_Com_Port_SetDeviceAddress
                        0x08001af7    0x8  Code  Gb  usb_prop.o [1]
Virtual_Com_Port_SetLineCoding
                        0x08001c17   0x18  Code  Gb  usb_prop.o [1]
Virtual_Com_Port_Status_In
                        0x08001aff   0x16  Code  Gb  usb_prop.o [1]
Virtual_Com_Port_Status_Out
                        0x08001b15    0x2  Code  Gb  usb_prop.o [1]
Virtual_Com_Port_StringLangID
                        0x08002740    0x4  Data  Gb  usb_desc.o [1]
Virtual_Com_Port_StringProduct
                        0x0800276c   0x34  Data  Gb  usb_desc.o [1]
Virtual_Com_Port_StringSerial
                        0x20000074   0x1c  Data  Gb  usb_desc.o [1]
Virtual_Com_Port_StringVendor
                        0x08002744   0x28  Data  Gb  usb_desc.o [1]
Virtual_Com_Port_init   0x080019ed   0x1e  Code  Gb  usb_prop.o [1]
WWDG_Enable             0x080019dd    0xc  Code  Gb  stm32f10x_wwdg.o [1]
__cmain                 0x080028c5         Code  Gb  cmain.o [4]
__exit                  0x080028f5   0x14  Code  Gb  exit.o [5]
__iar_copy_init3        0x08000ddf   0x2e  Code  Gb  copy_init3.o [4]
__iar_data_init3        0x0800285d   0x28  Code  Gb  data_init.o [4]
__iar_program_start     0x08002919         Code  Gb  cstartup_M.o [4]
__iar_zero_init3        0x08001527   0x22  Code  Gb  zero_init3.o [4]
__low_level_init        0x080028df    0x4  Code  Gb  low_level_init.o [3]
__vector_table          0x08000000         Data  Gb  startup_stm32f10x_hd.o [1]
_call_main              0x080028d1         Code  Gb  cmain.o [4]
_exit                   0x080028e9         Code  Gb  cexit.o [4]
_main                   0x080028db         Code  Gb  cmain.o [4]
bDeviceState            0x20000984    0x4  Data  Gb  usb_pwr.o [1]
bIntPackSOF             0x20000996    0x1  Data  Gb  usb_istr.o [1]
exit                    0x080028e3    0x4  Code  Gb  exit.o [3]
linecoding              0x200000c8    0x8  Data  Gb  usb_prop.o [1]
main                    0x08002409   0xf8  Code  Gb  main.o [1]
pEpInt_IN               0x20000090   0x1c  Data  Gb  usb_istr.o [1]
pEpInt_OUT              0x200000ac   0x1c  Data  Gb  usb_istr.o [1]
pInformation            0x20000978    0x4  Data  Gb  usb_init.o [1]
pProperty               0x2000097c    0x4  Data  Gb  usb_init.o [1]
pUser_Standard_Requests
                        0x20000980    0x4  Data  Gb  usb_init.o [1]
wInterrupt_Mask         0x20000988    0x2  Data  Gb  usb_init.o [1]
wIstr                   0x2000098e    0x2  Data  Gb  usb_istr.o [1]


[1] = G:\Writer\ICPARTNOR\Designed\ST32_USB\IAR67\Project\IAP\EWARM\STM3210E-EVAL\Obj
[2] = command line
[3] = dl7M_tln.a
[4] = rt7M_tl.a
[5] = shb_l.a

  10 588 bytes of readonly  code memory
     460 bytes of readonly  data memory
   3 478 bytes of readwrite data memory

Errors: none
Warnings: none
